[bharatintern.live/b/vip/d/b/index.html]
[bharatintern.live/styles.b58fa5dfa265f3102297.css]
[backblue.gif]
[fade.gif]
[index.html]
[bharatintern.live/static/banner-bg1-573a8cc58841d5b4cd173aed69aea83f.jpg]
[bharatintern.live/static/funfacts-bg-27ddd8cacab414b8f9cc118626ee2599.jpg]
[bharatintern.live/static/layer-2957b1126e23ba1606d0a0b417892f64.png]
[bharatintern.live/static/main-banner-6c21e0a3d89adcb9aaa8b120785bc479.jpg]
[bharatintern.live/static/blog7-97f9e205d350b574f8c5783c09a8f809.jpg]
[bharatintern.live/static/blog8-2a944083bcfdc21d3b5d59d2c92644ee.jpg]
[bharatintern.live/static/blog9-deaa52f1a8aa6d1140ec9deac510b8d4.jpg]
[bharatintern.live/static/coming-soon-fe8b29e4749cf2346451b0d1d71c8eee.jpg]
[bharatintern.live/static/oops-bg-fed7c3a4c22e0a475219fc6692799865.jpg]
[bharatintern.live/static/repair-services-img1-c308c47431e8af57e0d153aa45b52a55.jpg]
[bharatintern.live/static/repair-services-img2-0bf210338ee049db86b38dfe226e58f0.jpg]
[bharatintern.live/static/repair-services-img3-9118baafdd38d15104dfbf5f30d2ae04.jpg]
[bharatintern.live/static/repair-services-img4-09a3f299042d3b4d0102a6d7f501e2b3.jpg]
[bharatintern.live/static/repair-services-img5-66efdbe023e23ce0b53ea9d3ab76cf8a.jpg]
[bharatintern.live/static/repair-services-img6-c866dd1cf97b21ef96b37802a8b86e92.jpg]
[bharatintern.live/static/banner-bg-ab7c76e43854086c4b5c56942251d5d0.jpg]
[bharatintern.live/static/agency-gradient-bg-08ee0ed8738e600207323583d2393e37.jpg]
[bharatintern.live/static/ap-main-banner-img1-372a8134fc8574660542bb7fcb165cf3.jpg]
[bharatintern.live/static/ap-main-banner-img2-0da39aae9500ab255a3247f52d603de8.jpg]
[bharatintern.live/static/ap-main-banner-img3-924563b0930602396c1709e19cb54b49.jpg]
[bharatintern.live/static/creative-bg-c440b0f2a60e4bd27f8fa126fa8e2e21.jpg]
[bharatintern.live/b/vip/d/icons/favicon2.png]
[bharatintern.live/b/vip/d/webpack-runtime-e21b2383f955aa703d7e.js]
[bharatintern.live/b/vip/d/framework-1962f46ddf4a3dfbd9be.js]
[bharatintern.live/b/vip/d/app-14b88a8487eff8db7e86.js]
[bharatintern.live/b/vip/d/0ceb88f578a0c235877c3d5fb01599991c0ad2a0-006a68b78c5f11519df4.js]
[bharatintern.live/b/vip/d/8d129cc1ca202cf103839800a6359c35066f9663-374e12662abc795272cd.js]
[bharatintern.live/b/vip/d/48c5525a111493a8540231565586f5d036eedd22-cf80778f75286780804c.js]
[bharatintern.live/b/vip/d/component---src-pages-services-5-js-d551c6dae8ee1e0df956.js]
[bharatintern.live/b/vip/d/icons/logoNoBg.png]
[bharatintern.live/b/vip/d/icons/wd.png]
[bharatintern.live/b/vip/d/icons/fs.png]
[bharatintern.live/b/vip/d/icons/ds.png]
[bharatintern.live/b/vip/d/icons/ml.png]
[bharatintern.live/b/vip/d/icons/ad.png]
[bharatintern.live/b/vip/d/static/map-3f6e1ddb342185a26c476daa59c3a805.png]
[bharatintern.live/cdn-cgi/scripts/5c5dd728/cloudflare-static/email-decode.min.js]
[bharatintern.live/b/vip/d/cdn-cgi/scripts/5c5dd728/cloudflare-static/email-decode.min.js]
[code.jquery.com/jquery-3.5.1.slim.min.js]
[cdn.jsdelivr.net/npm/@popperjs/core@2.9.1/dist/umd/popper.min.js]
[stackpath.bootstrapcdn.com/bootstrap/4.5.2/js/bootstrap.min.js]
[bharatintern.live/b/vip/d/b/index.html]
[bharatintern.live/styles.b58fa5dfa265f3102297.html]
[bharatintern.live/static/banner-bg1-573a8cc58841d5b4cd173aed69aea83f.html]
[bharatintern.live/static/funfacts-bg-27ddd8cacab414b8f9cc118626ee2599.html]
[bharatintern.live/static/layer-2957b1126e23ba1606d0a0b417892f64.html]
[bharatintern.live/static/main-banner-6c21e0a3d89adcb9aaa8b120785bc479.html]
[bharatintern.live/static/blog7-97f9e205d350b574f8c5783c09a8f809.html]
[bharatintern.live/static/blog8-2a944083bcfdc21d3b5d59d2c92644ee.html]
[bharatintern.live/static/blog9-deaa52f1a8aa6d1140ec9deac510b8d4.html]
[bharatintern.live/static/coming-soon-fe8b29e4749cf2346451b0d1d71c8eee.html]
[bharatintern.live/static/oops-bg-fed7c3a4c22e0a475219fc6692799865.html]
[bharatintern.live/static/repair-services-img1-c308c47431e8af57e0d153aa45b52a55.html]
[bharatintern.live/static/repair-services-img2-0bf210338ee049db86b38dfe226e58f0.html]
[bharatintern.live/static/repair-services-img3-9118baafdd38d15104dfbf5f30d2ae04.html]
[bharatintern.live/static/repair-services-img4-09a3f299042d3b4d0102a6d7f501e2b3.html]
[bharatintern.live/static/repair-services-img5-66efdbe023e23ce0b53ea9d3ab76cf8a.html]
[bharatintern.live/static/repair-services-img6-c866dd1cf97b21ef96b37802a8b86e92.html]
[bharatintern.live/static/banner-bg-ab7c76e43854086c4b5c56942251d5d0.html]
[bharatintern.live/static/agency-gradient-bg-08ee0ed8738e600207323583d2393e37.html]
[bharatintern.live/static/ap-main-banner-img1-372a8134fc8574660542bb7fcb165cf3.html]
[bharatintern.live/static/ap-main-banner-img2-0da39aae9500ab255a3247f52d603de8.html]
[bharatintern.live/static/ap-main-banner-img3-924563b0930602396c1709e19cb54b49.html]
[bharatintern.live/static/creative-bg-c440b0f2a60e4bd27f8fa126fa8e2e21.html]
[bharatintern.live/b/vip/d/polyfill-2a74e76bf3a4aaf25439.js]
